C:\Users\HP 440 G8\Documents\iti\ITI-ADMISSION\src\main\java\com\server\backend\BackendApplication.java
C:\Users\HP 440 G8\Documents\iti\ITI-ADMISSION\src\main\java\com\server\backend\config\OpenApiConfig.java
C:\Users\HP 440 G8\Documents\iti\ITI-ADMISSION\src\main\java\com\server\backend\controller\AdmissionTimingController.java
C:\Users\HP 440 G8\Documents\iti\ITI-ADMISSION\src\main\java\com\server\backend\controller\ChecklistController.java
C:\Users\HP 440 G8\Documents\iti\ITI-ADMISSION\src\main\java\com\server\backend\controller\DesignationController.java
C:\Users\HP 440 G8\Documents\iti\ITI-ADMISSION\src\main\java\com\server\backend\controller\DistrictController.java
C:\Users\HP 440 G8\Documents\iti\ITI-ADMISSION\src\main\java\com\server\backend\controller\itiController.java
C:\Users\HP 440 G8\Documents\iti\ITI-ADMISSION\src\main\java\com\server\backend\controller\itinames_by_distcode_controller.java
C:\Users\HP 440 G8\Documents\iti\ITI-ADMISSION\src\main\java\com\server\backend\controller\itinames_by_govt_pvt_controller.java
C:\Users\HP 440 G8\Documents\iti\ITI-ADMISSION\src\main\java\com\server\backend\controller\ItiTradeMstController.java
C:\Users\HP 440 G8\Documents\iti\ITI-ADMISSION\src\main\java\com\server\backend\controller\MeritListController.java
C:\Users\HP 440 G8\Documents\iti\ITI-ADMISSION\src\main\java\com\server\backend\controller\RankController.java
C:\Users\HP 440 G8\Documents\iti\ITI-ADMISSION\src\main\java\com\server\backend\controller\Reports\ReportRestController.java
C:\Users\HP 440 G8\Documents\iti\ITI-ADMISSION\src\main\java\com\server\backend\controller\Reports\ReportsController.java
C:\Users\HP 440 G8\Documents\iti\ITI-ADMISSION\src\main\java\com\server\backend\controller\StateController.java
C:\Users\HP 440 G8\Documents\iti\ITI-ADMISSION\src\main\java\com\server\backend\controller\trade_iti_names_controller.java
C:\Users\HP 440 G8\Documents\iti\ITI-ADMISSION\src\main\java\com\server\backend\DTO\admission_process\iti\trade_iti_names_dto.java
C:\Users\HP 440 G8\Documents\iti\ITI-ADMISSION\src\main\java\com\server\backend\DTO\CandidateResponseDTO.java
C:\Users\HP 440 G8\Documents\iti\ITI-ADMISSION\src\main\java\com\server\backend\DTO\Institute\DesignationDto.java
C:\Users\HP 440 G8\Documents\iti\ITI-ADMISSION\src\main\java\com\server\backend\DTO\Institute\ItiCreateDto.java
C:\Users\HP 440 G8\Documents\iti\ITI-ADMISSION\src\main\java\com\server\backend\DTO\Institute\ItiDto.java
C:\Users\HP 440 G8\Documents\iti\ITI-ADMISSION\src\main\java\com\server\backend\DTO\Institute\ItiPatchDto.java
C:\Users\HP 440 G8\Documents\iti\ITI-ADMISSION\src\main\java\com\server\backend\DTO\Institute\ItiTradeMstDto.java
C:\Users\HP 440 G8\Documents\iti\ITI-ADMISSION\src\main\java\com\server\backend\DTO\Reports\AdmissionReportResponse.java
C:\Users\HP 440 G8\Documents\iti\ITI-ADMISSION\src\main\java\com\server\backend\DTO\Reports\AllResourceRoleResponse.java
C:\Users\HP 440 G8\Documents\iti\ITI-ADMISSION\src\main\java\com\server\backend\DTO\Reports\ApiDashboardResponse.java
C:\Users\HP 440 G8\Documents\iti\ITI-ADMISSION\src\main\java\com\server\backend\DTO\Reports\ApplicantCountResponse.java
C:\Users\HP 440 G8\Documents\iti\ITI-ADMISSION\src\main\java\com\server\backend\DTO\Reports\ApplicantMobileAddressResponse.java
C:\Users\HP 440 G8\Documents\iti\ITI-ADMISSION\src\main\java\com\server\backend\DTO\Reports\ApplicantReportResponse.java
C:\Users\HP 440 G8\Documents\iti\ITI-ADMISSION\src\main\java\com\server\backend\DTO\Reports\CasteWiseAdmissionsResponse.java
C:\Users\HP 440 G8\Documents\iti\ITI-ADMISSION\src\main\java\com\server\backend\DTO\Reports\CollegeWiseOpenSeatsResponse.java
C:\Users\HP 440 G8\Documents\iti\ITI-ADMISSION\src\main\java\com\server\backend\DTO\Reports\DistrictOptionResponse.java
C:\Users\HP 440 G8\Documents\iti\ITI-ADMISSION\src\main\java\com\server\backend\DTO\Reports\DistrictScheduleResponse.java
C:\Users\HP 440 G8\Documents\iti\ITI-ADMISSION\src\main\java\com\server\backend\DTO\Reports\DistrictWiseApplicationCountResponse.java
C:\Users\HP 440 G8\Documents\iti\ITI-ADMISSION\src\main\java\com\server\backend\DTO\Reports\DscFullReportResponse.java
C:\Users\HP 440 G8\Documents\iti\ITI-ADMISSION\src\main\java\com\server\backend\DTO\Reports\ITIAdmissionsReportResponse.java
C:\Users\HP 440 G8\Documents\iti\ITI-ADMISSION\src\main\java\com\server\backend\DTO\Reports\ItiTradeDisplayResponse.java
C:\Users\HP 440 G8\Documents\iti\ITI-ADMISSION\src\main\java\com\server\backend\DTO\Reports\ItiWiseStatusResponse.java
C:\Users\HP 440 G8\Documents\iti\ITI-ADMISSION\src\main\java\com\server\backend\DTO\Reports\MetadataResponse.java
C:\Users\HP 440 G8\Documents\iti\ITI-ADMISSION\src\main\java\com\server\backend\DTO\Reports\OpenSeatsAbstractResponse.java
C:\Users\HP 440 G8\Documents\iti\ITI-ADMISSION\src\main\java\com\server\backend\DTO\Reports\PhaseWiseReportResponse.java
C:\Users\HP 440 G8\Documents\iti\ITI-ADMISSION\src\main\java\com\server\backend\DTO\Reports\ShiftUnitResponse.java
C:\Users\HP 440 G8\Documents\iti\ITI-ADMISSION\src\main\java\com\server\backend\DTO\Reports\StudentCompleteDetailsResponse.java
C:\Users\HP 440 G8\Documents\iti\ITI-ADMISSION\src\main\java\com\server\backend\DTO\Reports\StudentListResponse.java
C:\Users\HP 440 G8\Documents\iti\ITI-ADMISSION\src\main\java\com\server\backend\DTO\Reports\TodayScheduleResponse.java
C:\Users\HP 440 G8\Documents\iti\ITI-ADMISSION\src\main\java\com\server\backend\DTO\Reports\TradeDisplayReportRequest.java
C:\Users\HP 440 G8\Documents\iti\ITI-ADMISSION\src\main\java\com\server\backend\DTO\Reports\TradeDurationSeatsResponse.java
C:\Users\HP 440 G8\Documents\iti\ITI-ADMISSION\src\main\java\com\server\backend\DTO\Reports\TradeWiseReportResponse.java
C:\Users\HP 440 G8\Documents\iti\ITI-ADMISSION\src\main\java\com\server\backend\DTO\Reports\VerifiedApplicationCountResponse.java
C:\Users\HP 440 G8\Documents\iti\ITI-ADMISSION\src\main\java\com\server\backend\entity\AdmissionTiming.java
C:\Users\HP 440 G8\Documents\iti\ITI-ADMISSION\src\main\java\com\server\backend\entity\AdmissionTimingId.java
C:\Users\HP 440 G8\Documents\iti\ITI-ADMISSION\src\main\java\com\server\backend\entity\application.java
C:\Users\HP 440 G8\Documents\iti\ITI-ADMISSION\src\main\java\com\server\backend\entity\cand_marks.java
C:\Users\HP 440 G8\Documents\iti\ITI-ADMISSION\src\main\java\com\server\backend\entity\CategoryMaster.java
C:\Users\HP 440 G8\Documents\iti\ITI-ADMISSION\src\main\java\com\server\backend\entity\Checklist.java
C:\Users\HP 440 G8\Documents\iti\ITI-ADMISSION\src\main\java\com\server\backend\entity\Designation.java
C:\Users\HP 440 G8\Documents\iti\ITI-ADMISSION\src\main\java\com\server\backend\entity\dist_master.java
C:\Users\HP 440 G8\Documents\iti\ITI-ADMISSION\src\main\java\com\server\backend\entity\Iti.java
C:\Users\HP 440 G8\Documents\iti\ITI-ADMISSION\src\main\java\com\server\backend\entity\iti_admissions.java
C:\Users\HP 440 G8\Documents\iti\ITI-ADMISSION\src\main\java\com\server\backend\entity\iti_seatmatrix.java
C:\Users\HP 440 G8\Documents\iti\ITI-ADMISSION\src\main\java\com\server\backend\entity\Iti_trade_mst.java
C:\Users\HP 440 G8\Documents\iti\ITI-ADMISSION\src\main\java\com\server\backend\entity\ItiParams.java
C:\Users\HP 440 G8\Documents\iti\ITI-ADMISSION\src\main\java\com\server\backend\entity\ItiSeatMatrixId.java
C:\Users\HP 440 G8\Documents\iti\ITI-ADMISSION\src\main\java\com\server\backend\entity\ititrade.java
C:\Users\HP 440 G8\Documents\iti\ITI-ADMISSION\src\main\java\com\server\backend\entity\ItiTradeId.java
C:\Users\HP 440 G8\Documents\iti\ITI-ADMISSION\src\main\java\com\server\backend\entity\LoginUser.java
C:\Users\HP 440 G8\Documents\iti\ITI-ADMISSION\src\main\java\com\server\backend\entity\MeritList.java
C:\Users\HP 440 G8\Documents\iti\ITI-ADMISSION\src\main\java\com\server\backend\entity\MeritListId.java
C:\Users\HP 440 G8\Documents\iti\ITI-ADMISSION\src\main\java\com\server\backend\entity\RankEntity.java
C:\Users\HP 440 G8\Documents\iti\ITI-ADMISSION\src\main\java\com\server\backend\entity\RankId.java
C:\Users\HP 440 G8\Documents\iti\ITI-ADMISSION\src\main\java\com\server\backend\entity\RoleMaster.java
C:\Users\HP 440 G8\Documents\iti\ITI-ADMISSION\src\main\java\com\server\backend\entity\ShiftUnitPermitted.java
C:\Users\HP 440 G8\Documents\iti\ITI-ADMISSION\src\main\java\com\server\backend\entity\StateMst.java
C:\Users\HP 440 G8\Documents\iti\ITI-ADMISSION\src\main\java\com\server\backend\entity\student_trade_sel.java
C:\Users\HP 440 G8\Documents\iti\ITI-ADMISSION\src\main\java\com\server\backend\entity\StudentTradeSelId.java
C:\Users\HP 440 G8\Documents\iti\ITI-ADMISSION\src\main\java\com\server\backend\entity\trade_sel.java
C:\Users\HP 440 G8\Documents\iti\ITI-ADMISSION\src\main\java\com\server\backend\entity\TradeSelId.java
C:\Users\HP 440 G8\Documents\iti\ITI-ADMISSION\src\main\java\com\server\backend\Repository\AdmissionTimingRepository.java
C:\Users\HP 440 G8\Documents\iti\ITI-ADMISSION\src\main\java\com\server\backend\Repository\ChecklistRepository.java
C:\Users\HP 440 G8\Documents\iti\ITI-ADMISSION\src\main\java\com\server\backend\Repository\DbConnectionChecker.java
C:\Users\HP 440 G8\Documents\iti\ITI-ADMISSION\src\main\java\com\server\backend\Repository\DesignationRepository.java
C:\Users\HP 440 G8\Documents\iti\ITI-ADMISSION\src\main\java\com\server\backend\Repository\DistrictMasterRepository.java
C:\Users\HP 440 G8\Documents\iti\ITI-ADMISSION\src\main\java\com\server\backend\Repository\itinames_by_distcode_repository.java
C:\Users\HP 440 G8\Documents\iti\ITI-ADMISSION\src\main\java\com\server\backend\Repository\itinames_by_govt_pvt_repository.java
C:\Users\HP 440 G8\Documents\iti\ITI-ADMISSION\src\main\java\com\server\backend\Repository\ItiRepository.java
C:\Users\HP 440 G8\Documents\iti\ITI-ADMISSION\src\main\java\com\server\backend\Repository\ItiTradeMstRepo.java
C:\Users\HP 440 G8\Documents\iti\ITI-ADMISSION\src\main\java\com\server\backend\Repository\MeritListRepository.java
C:\Users\HP 440 G8\Documents\iti\ITI-ADMISSION\src\main\java\com\server\backend\Repository\RankRepository.java
C:\Users\HP 440 G8\Documents\iti\ITI-ADMISSION\src\main\java\com\server\backend\Repository\StateRepository.java
C:\Users\HP 440 G8\Documents\iti\ITI-ADMISSION\src\main\java\com\server\backend\Repository\trade_iti_names_repository.java
C:\Users\HP 440 G8\Documents\iti\ITI-ADMISSION\src\main\java\com\server\backend\service\AdmissionService.java
C:\Users\HP 440 G8\Documents\iti\ITI-ADMISSION\src\main\java\com\server\backend\service\AdmissionServiceImpl.java
C:\Users\HP 440 G8\Documents\iti\ITI-ADMISSION\src\main\java\com\server\backend\service\AdmissionTimingService.java
C:\Users\HP 440 G8\Documents\iti\ITI-ADMISSION\src\main\java\com\server\backend\service\ChecklistService.java
C:\Users\HP 440 G8\Documents\iti\ITI-ADMISSION\src\main\java\com\server\backend\service\DesignationService.java
C:\Users\HP 440 G8\Documents\iti\ITI-ADMISSION\src\main\java\com\server\backend\service\DesignationServiceImpl.java
C:\Users\HP 440 G8\Documents\iti\ITI-ADMISSION\src\main\java\com\server\backend\service\itinames_by_distcode_service.java
C:\Users\HP 440 G8\Documents\iti\ITI-ADMISSION\src\main\java\com\server\backend\service\itinames_by_govt_pvt_service.java
C:\Users\HP 440 G8\Documents\iti\ITI-ADMISSION\src\main\java\com\server\backend\service\ItiService.java
C:\Users\HP 440 G8\Documents\iti\ITI-ADMISSION\src\main\java\com\server\backend\service\ItiServiceImpl.java
C:\Users\HP 440 G8\Documents\iti\ITI-ADMISSION\src\main\java\com\server\backend\service\ItiTradeMstService.java
C:\Users\HP 440 G8\Documents\iti\ITI-ADMISSION\src\main\java\com\server\backend\service\ItiTradeMstServiceImpl.java
C:\Users\HP 440 G8\Documents\iti\ITI-ADMISSION\src\main\java\com\server\backend\service\MeritListService.java
C:\Users\HP 440 G8\Documents\iti\ITI-ADMISSION\src\main\java\com\server\backend\service\Reports\ReportService.java
C:\Users\HP 440 G8\Documents\iti\ITI-ADMISSION\src\main\java\com\server\backend\service\Reports\ReportServiceImpl.java
C:\Users\HP 440 G8\Documents\iti\ITI-ADMISSION\src\main\java\com\server\backend\service\Reports\TradeDisplayReportService.java
C:\Users\HP 440 G8\Documents\iti\ITI-ADMISSION\src\main\java\com\server\backend\service\Reports\TradeDisplayReportServiceImpl.java
C:\Users\HP 440 G8\Documents\iti\ITI-ADMISSION\src\main\java\com\server\backend\service\StateService.java
C:\Users\HP 440 G8\Documents\iti\ITI-ADMISSION\src\main\java\com\server\backend\service\trade_iti_names_service.java
